// Vitest Snapshot v1, https://vitest.dev/guide/snapshot.html

exports[`Page 1`] = `
<div>
  <img
    alt="Test's Avatar"
    class="z-40 inline-block rounded-full ring-opacity-50 undefined"
    src="https://raw.githubusercontent.com/PokeAPI/sprites/master/sprites/pokemon/other/home/bulbasaur.png"
    style="width: 40px; height: 40px;"
  />
</div>
`;
