// Vitest Snapshot v1, https://vitest.dev/guide/snapshot.html

exports[`<Header /> component > header is rendered properly 1`] = `
<div>
  <header
    class="w-full border-b  mx-auto py-2 dark:border-gray-700 flex "
  >
    <div
      class="container w-full flex items-left justify-between align-center py-2 px-6"
    >
      <img
        alt="test"
        class="w-auto h-12 text-black rounded-full p-x4 dark:text-white"
        data-nimg="1"
        decoding="async"
        height="100"
        loading="lazy"
        src="/_next/image?url=%2Fimages%2Flogo.png&w=256&q=75"
        srcset="/_next/image?url=%2Fimages%2Flogo.png&w=128&q=75 1x, /_next/image?url=%2Fimages%2Flogo.png&w=256&q=75 2x"
        style="color: transparent;"
        width="100"
      />
    </div>
  </header>
</div>
`;
